// Jest Snapshot v1, https://goo.gl/fbAQLP

exports[`test to match snapshot 1`] = `
Array [
  <div
    className="input-container"
>
    <input
        autoFocus="true"
        id="number"
        onChange={[Function]}
        placeholder="Enter a number between 1 to 5"
        type="number"
        value=""
    />
    <button
        className="submit"
        onClick={[Function]}
    >
        Shoot
    </button>
</div>,
]
`;
